Microsoft Windows [Version 10.0.22631.4602]
(c) Microsoft Corporation. All rights reserved.

C:\Users\babti>mysql -u root -p
Enter password: *******
Welcome to the MySQL monitor.  Commands end with ; or \g.
Your MySQL connection id is 16
Server version: 8.0.40 MySQL Community Server - GPL

Copyright (c) 2000, 2024, Oracle and/or its affiliates.

Oracle is a registered trademark of Oracle Corporation and/or its
affiliates. Other names may be trademarks of their respective
owners.

Type 'help;' or '\h' for help. Type '\c' to clear the current input statement.

mysql> create database KHTDB:
    -> ;
ERROR 1064 (42000): You have an error in your SQL syntax; check the manual that corresponds to your MySQL server version for the right syntax to use near ':' at line 1
mysql> create database KHTDB;
Query OK, 1 row affected (0.01 sec)

mysql> create database KHTDB ^C
mysql> creater USER 'kht'@'%' identified by 'kht1234';
ERROR 1064 (42000): You have an error in your SQL syntax; check the manual that corresponds to your MySQL server version for the right syntax to use near 'creater USER 'kht'@'%' identified by 'kht1234'' at line 1
mysql> create USER 'kht'@'%' identified by 'kht1234';
Query OK, 0 rows affected (0.03 sec)

mysql> grant all PRIVIEGES on KHTDB.* TO 'KHT'@'%';
ERROR 1064 (42000): You have an error in your SQL syntax; check the manual that corresponds to your MySQL server version for the right syntax to use near 'PRIVIEGES on KHTDB.* TO 'KHT'@'%'' at line 1
mysql> GRANT ALL PRIVIEGES ON KHTDB.* TO 'kht'@'%';
ERROR 1064 (42000): You have an error in your SQL syntax; check the manual that corresponds to your MySQL server version for the right syntax to use near 'PRIVIEGES ON KHTDB.* TO 'kht'@'%'' at line 1
mysql> grant all PRIVILEGES on KHTDB.* TO 'KHT'@'%';
ERROR 1410 (42000): You are not allowed to create a user with GRANT
mysql> GRANT ALL PRIVILEGES ON KHTDB.* TO 'kht'@'%';
Query OK, 0 rows affected (0.01 sec)

mysql> flush privileges;
Query OK, 0 rows affected (0.01 sec)

mysql> select current_date;
+--------------+
| current_date |
+--------------+
| 2024-12-13   |
+--------------+
1 row in set (0.00 sec)

mysql> select current_date from dual
    -> ;
+--------------+
| current_date |
+--------------+
| 2024-12-13   |
+--------------+
1 row in set (0.00 sec)

mysql> select 4+1;
+-----+
| 4+1 |
+-----+
|   5 |
+-----+
1 row in set (0.00 sec)

mysql> create database khtworkbook
    -> ;
Query OK, 1 row affected (0.01 sec)

mysql> create user 'khttest' identified by 'kht1234'
    -> ;
Query OK, 0 rows affected (0.01 sec)

mysql> grant all privilege on KHT.* to 'khttest'
    -> ;
ERROR 1064 (42000): You have an error in your SQL syntax; check the manual that corresponds to your MySQL server version for the right syntax to use near 'privilege on KHT.* to 'khttest'' at line 1
mysql> grant all privilege on KHTDB.* to 'khttest'
    -> ;
ERROR 1064 (42000): You have an error in your SQL syntax; check the manual that corresponds to your MySQL server version for the right syntax to use near 'privilege on KHTDB.* to 'khttest'' at line 1
mysql> grant all PRIVIEGES on KHTDB.* TO 'khttest';
ERROR 1064 (42000): You have an error in your SQL syntax; check the manual that corresponds to your MySQL server version for the right syntax to use near 'PRIVIEGES on KHTDB.* TO 'khttest'' at line 1
mysql> GRANT ALL PRIVILEGES ON KHTDB.* TO 'khttest';
Query OK, 0 rows affected (0.01 sec)

mysql> flush privileges
    -> ;
Query OK, 0 rows affected (0.00 sec)

mysql> GRANT ALL PRIVILEGES ON KHTDB.* TO 'kht'@'%';