Microsoft Windows [Version 10.0.22631.4602]
(c) Microsoft Corporation. All rights reserved.

C:\Users\babti>mysql -u root -p
Enter password: *******
Welcome to the MySQL monitor.  Commands end with ; or \g.
Your MySQL connection id is 10
Server version: 8.0.40 MySQL Community Server - GPL

Copyright (c) 2000, 2024, Oracle and/or its affiliates.

Oracle is a registered trademark of Oracle Corporation and/or its
affiliates. Other names may be trademarks of their respective
owners.

Type 'help;' or '\h' for help. Type '\c' to clear the current input statement.

mysql> create database KHTSHOPPING
    -> ;
Query OK, 1 row affected (0.00 sec)

mysql> create database KHTUSER;
Query OK, 1 row affected (0.01 sec)

mysql> create database KHTCAFE;
Query OK, 1 row affected (0.01 sec)

mysql> create USER 'president' identified by 'kht1234'
    -> ;
Query OK, 0 rows affected (0.02 sec)

mysql> grant all privileges on KHTDB to 'president';
ERROR 1046 (3D000): No database selected
mysql> grant all privileges to 'president';
ERROR 1064 (42000): You have an error in your SQL syntax; check the manual that corresponds to your MySQL server version for the right syntax to use near 'to 'president'' at line 1
mysql> grant all privileges on KHTSHOPPING to 'president';
ERROR 1046 (3D000): No database selected
mysql> grant all privileges on KHTUSER on 'president'
    -> ;
ERROR 1046 (3D000): No database selected
mysql> grant all privileges on KHTCAFE to 'president';
ERROR 1046 (3D000): No database selected
mysql> create database KHTSHOPPING;
ERROR 1007 (HY000): Can't create database 'khtshopping'; database exists
mysql> grant all privileges on khtshopping.* to 'president';
Query OK, 0 rows affected (0.01 sec)

mysql> grant all privileges on khtuser.* to 'president';
Query OK, 0 rows affected (0.01 sec)

mysql> grant all privileges on khtcafe.* to 'president';
Query OK, 0 rows affected (0.01 sec)

mysql> flush privileges
    -> ;
Query OK, 0 rows affected (0.00 sec)

mysql> exit
Bye

C:\Users\babti>